Microchip MPLAB XC8 Compiler V2.46

Linker command line:

-W-3 \
  --edf=C:\Program Files\Microchip\xc8\v2.46\pic\dat\20240104201356_en.msgs \
  -cn -h+dist/default/production\SmartHome_SlaveMCU.X.production.sym \
  --cmf=dist/default/production\SmartHome_SlaveMCU.X.production.cmf -z \
  -Q18F46K20 -oC:\Users\MOHAME~1\AppData\Local\Temp\xcAs89c.\driver_tmp_3.o \
  --defsym=__MPLAB_BUILD=1 --fixupoverflow=error \
  -Mdist/default/production/SmartHome_SlaveMCU.X.production.map \
  --md=C:\Users\MOHAME~1\AppData\Local\Temp\xcAs89c.\driver_tmp_0.dat -E1 \
  -ver=XC8 Compiler --acfsm=1493 -ACODE=00h-0FFFFh -ACONST=00h-0FFFFh \
  -ASMALLCONST=01000h-010FFhx240 -AMEDIUMCONST=01000h-0FFFFh \
  -ACOMRAM=01h-05Fh -AABS1=00h-0F5Fh -ABIGRAM=01h-0F5Fh \
  -ARAM=060h-0FFh,0100h-01FFhx14,0F00h-0F5Fh -ABANK0=060h-0FFh \
  -ABANK1=0100h-01FFh -ABANK2=0200h-02FFh -ABANK3=0300h-03FFh \
  -ABANK4=0400h-04FFh -ABANK5=0500h-05FFh -ABANK6=0600h-06FFh \
  -ABANK7=0700h-07FFh -ABANK8=0800h-08FFh -ABANK9=0900h-09FFh \
  -ABANK10=0A00h-0AFFh -ABANK11=0B00h-0BFFh -ABANK12=0C00h-0CFFh \
  -ABANK13=0D00h-0DFFh -ABANK14=0E00h-0EFFh -ABANK15=0F00h-0F5Fh \
  -ASFR=0F60h-0FFFh -ABIGSFR=0F60h-0FFFh -ACONFIG=0300000h-030000Dh \
  -AIDLOC=0200000h-0200007h -AEEDATA=0F00000h-0F003FFh -peeprom_data=EEDATA \
  -preset_vec=00h,intcode=8h,intcodelo,powerup,init -pramtop=01000h \
  -psmallconst=SMALLCONST -pmediumconst=MEDIUMCONST -pconst=CONST \
  -AFARRAM=00h-00h \
  -prdata=COMRAM,nvrram=COMRAM,nvbit=COMRAM,rbss=COMRAM,rbit=COMRAM \
  -pfarbss=FARRAM,fardata=FARRAM,nvFARRAM=FARRAM \
  -pintsave_regs=BIGRAM,bigbss=BIGRAM,bigdata=BIGRAM -pbss=RAM \
  -pidata=CODE,irdata=CODE,ibigdata=CODE,ifardata=CODE -prparam=COMRAM \
  C:\Users\MOHAME~1\AppData\Local\Temp\xcAs89c.\driver_tmp_9.o \
  dist/default/production\SmartHome_SlaveMCU.X.production.o 

Object code version is 3.11

Machine type is 18F46K20



                Name                               Link     Load   Length Selector   Space Scale
C:\Users\MOHAME~1\AppData\Local\Temp\xcAs89c.\driver_tmp_9.o
                idloc                            200000   200000        8        0       5
                config                           300000   300000        E        0       4
                init                                 76       76        4        4       0
                reset_vec                             0        0        4        0       0
dist/default/production\SmartHome_SlaveMCU.X.production.o
                intcode                               8        8       6E        4       0
                idloc                            200000   200000        8        0       5
                config                           300000   300000        E        0       4
                temp                                 3E       3E        1        1       1
                smallconst                         1000     1000        6      800       0
                text33                             13C6     13C6        4      803       0
                text32                             13AC     13AC        8      803       0
                text31                             125C     125C       2C      803       0
                text30                             13C2     13C2        4      803       0
                text29                             1300     1300       14      803       0
                text28                             12EC     12EC       14      803       0
                text27                             12D8     12D8       14      803       0
                text26                             12C4     12C4       14      803       0
                text25                             13A4     13A4        8      803       0
                text24                             13B4     13B4        6      803       0
                text23                             1230     1230       2C      803       0
                text22                             13BE     13BE        4      803       0
                text21                             139C     139C        8      803       0
                text20                             1394     1394        8      803       0
                text19                             1204     1204       2C      803       0
                text18                             1006     1006       FC      803       0
                text16                             13BA     13BA        4      803       0
                text15                             12A6     12A6       1E      803       0
                text14                             1372     1372        A      803       0
                text13                             1368     1368        A      803       0
                text12                             135E     135E        A      803       0
                text11                             1354     1354        A      803       0
                text10                             138C     138C        8      803       0
                text9                              1384     1384        8      803       0
                text8                              134A     134A        A      803       0
                text7                              1340     1340        A      803       0
                text6                              1102     1102       5E      803       0
                text5                              1326     1326       10      803       0
                text4                              137C     137C        8      803       0
                text3                              1336     1336        A      803       0
                text2                              11D4     11D4       30      803       0
                text1                              1314     1314       12      803       0
                text0                              1160     1160       3E      803       0
                cstackCOMRAM                         37       37        7        1       1
                dataCOMRAM                            1        1       1E        1       1
                bssCOMRAM                            1F       1F       18        1       1
                cinit                              119E     119E       36      803       0
                idataCOMRAM                        1288     1288       1E      803       0

TOTAL           Name                               Link     Load   Length     Space
        CLASS   CODE           
                intcode                               8        8       6E         0
                init                                 76       76        4         0
                reset_vec                             0        0        4         0
                text33                             13C6     13C6        4         0
                text32                             13AC     13AC        8         0
                text31                             125C     125C       2C         0
                text30                             13C2     13C2        4         0
                text29                             1300     1300       14         0
                text28                             12EC     12EC       14         0
                text27                             12D8     12D8       14         0
                text26                             12C4     12C4       14         0
                text25                             13A4     13A4        8         0
                text24                             13B4     13B4        6         0
                text23                             1230     1230       2C         0
                text22                             13BE     13BE        4         0
                text21                             139C     139C        8         0
                text20                             1394     1394        8         0
                text19                             1204     1204       2C         0
                text18                             1006     1006       FC         0
                text16                             13BA     13BA        4         0
                text15                             12A6     12A6       1E         0
                text14                             1372     1372        A         0
                text13                             1368     1368        A         0
                text12                             135E     135E        A         0
                text11                             1354     1354        A         0
                text10                             138C     138C        8         0
                text9                              1384     1384        8         0
                text8                              134A     134A        A         0
                text7                              1340     1340        A         0
                text6                              1102     1102       5E         0
                text5                              1326     1326       10         0
                text4                              137C     137C        8         0
                text3                              1336     1336        A         0
                text2                              11D4     11D4       30         0
                text1                              1314     1314       12         0
                text0                              1160     1160       3E         0
                cinit                              119E     119E       36         0
                idataCOMRAM                        1288     1288       1E         0

        CLASS   CONST          

        CLASS   SMALLCONST     
                smallconst                         1000     1000        6         0

        CLASS   MEDIUMCONST    

        CLASS   COMRAM         
                temp                                 3E       3E        1         1
                cstackCOMRAM                         37       37        7         1
                dataCOMRAM                            1        1       1E         1
                bssCOMRAM                            1F       1F       18         1

        CLASS   ABS1           

        CLASS   BIGRAM         

        CLASS   RAM            

        CLASS   BANK0          

        CLASS   BANK1          

        CLASS   BANK2          

        CLASS   BANK3          

        CLASS   BANK4          

        CLASS   BANK5          

        CLASS   BANK6          

        CLASS   BANK7          

        CLASS   BANK8          

        CLASS   BANK9          

        CLASS   BANK10         

        CLASS   BANK11         

        CLASS   BANK12         

        CLASS   BANK13         

        CLASS   BANK14         

        CLASS   BANK15         

        CLASS   SFR            

        CLASS   BIGSFR         

        CLASS   CONFIG         
                config                           300000   300000        E         4

        CLASS   IDLOC          
                idloc                            200000   200000        8         5

        CLASS   EEDATA         

        CLASS   FARRAM         

        CLASS   HEAP           

        CLASS   STACK          



SEGMENTS        Name                           Load    Length   Top    Selector   Space  Class

                reset_vec                      000000  000004  000004         0       0  CODE    
                dataCOMRAM                     000001  00003E  00003F         1       1  COMRAM  
                intcode                        000008  000072  00007A         4       0  CODE    
                smallconst                     001000  000006  001006       800       0  SMALLCON
                text18                         001006  0003C4  0013CA       803       0  CODE    


UNUSED ADDRESS RANGES

        Name                Unused          Largest block    Delta
        BANK0            000060-0000FF               A0
        BANK1            000100-0001FF              100
        BANK10           000A00-000AFF              100
        BANK11           000B00-000BFF              100
        BANK12           000C00-000CFF              100
        BANK13           000D00-000DFF              100
        BANK14           000E00-000EFF              100
        BANK15           000F00-000F5F               60
        BANK2            000200-0002FF              100
        BANK3            000300-0003FF              100
        BANK4            000400-0004FF              100
        BANK5            000500-0005FF              100
        BANK6            000600-0006FF              100
        BANK7            000700-0007FF              100
        BANK8            000800-0008FF              100
        BANK9            000900-0009FF              100
        BIGRAM           00003F-000F5F              F21
        BIGSFR           000F60-000FFF               A0
        CODE             000004-000007                4
                         00007A-000FFF              F86
                         0013CA-00FFFF             EC36
        COMRAM           00003F-00005F               21
        CONST            000004-000007                4
                         00007A-000FFF              F86
                         0013CA-00FFFF             EC36
        EEDATA           F00000-F003FF              400
        MEDIUMCONST      0013CA-00FFFF             EC36
        RAM              000060-000F5F              100
        SFR              000F60-000FFF               A0
        SMALLCONST       0013CA-00FFFF              100

                                  Symbol Table

I2C_SlaveSendTxData@data                       cstackCOMRAM 000037
I2C_SlaveSetAddrIntHandler@handler             cstackCOMRAM 00003C
I2C_SlaveSetBusColIntHandler@handler           cstackCOMRAM 00003C
I2C_SlaveSetIsrHandler@handler                 cstackCOMRAM 00003C
I2C_SlaveSetReadIntHandler@handler             cstackCOMRAM 00003C
I2C_SlaveSetSlaveAddr@slaveAddr                cstackCOMRAM 00003C
I2C_SlaveSetSlaveMask@maskAddr                 cstackCOMRAM 00003C
I2C_SlaveSetWrColIntHandler@handler            cstackCOMRAM 00003C
I2C_SlaveSetWriteIntHandler@handler            cstackCOMRAM 00003C
_ANSEL                                         (abs)        000F7E
_ANSELH                                        (abs)        000F7F
_Custom_I2C_SlaveDefRdInterruptHandler         text24       0013B4
_I2C_Initialize                                text5        001326
_I2C_Isr                                       text18       001006
_I2C_Open                                      text6        001102
_I2C_SlaveAddrCallBack                         text31       00125C
_I2C_SlaveAddrInterruptHandler                 bssCOMRAM    000029
_I2C_SlaveBusColInterruptHandler               bssCOMRAM    000027
_I2C_SlaveClearIrq                             text30       0013C2
_I2C_SlaveDefAddrInterruptHandler              text32       0013AC
_I2C_SlaveDefBusColInterruptHandler            (abs)        000000
_I2C_SlaveDefRdInterruptHandler                text25       0013A4
_I2C_SlaveDefWrColInterruptHandler             (abs)        000000
_I2C_SlaveDefWrInterruptHandler                text20       001394
_I2C_SlaveEnableIrq                            text16       0013BA
_I2C_SlaveGetRxData                            text33       0013C6
_I2C_SlaveIsAddr                               text29       001300
_I2C_SlaveIsRead                               text28       0012EC
_I2C_SlaveIsRxBufFull                          text27       0012D8
_I2C_SlaveIsTxBufEmpty                         text26       0012C4
_I2C_SlaveOpen                                 text15       0012A6
_I2C_SlaveRdCallBack                           text23       001230
_I2C_SlaveRdInterruptHandler                   bssCOMRAM    00002D
_I2C_SlaveReleaseClock                         text22       0013BE
_I2C_SlaveSendTxData                           text21       00139C
_I2C_SlaveSetAddrIntHandler                    text14       001372
_I2C_SlaveSetBusColIntHandler                  text13       001368
_I2C_SlaveSetIsrHandler                        text12       00135E
_I2C_SlaveSetReadIntHandler                    text11       001354
_I2C_SlaveSetSlaveAddr                         text10       00138C
_I2C_SlaveSetSlaveMask                         text9        001384
_I2C_SlaveSetWrColIntHandler                   text8        00134A
_I2C_SlaveSetWriteIntHandler                   text7        001340
_I2C_SlaveWrCallBack                           text19       001204
_I2C_SlaveWrColInterruptHandler                bssCOMRAM    000025
_I2C_SlaveWrInterruptHandler                   bssCOMRAM    00002B
_INTCON2bits                                   (abs)        000FF1
_INTCONbits                                    (abs)        000FF2
_INTERRUPT_Initialize                          text4        00137C
_INTERRUPT_InterruptManagerHigh                intcode      000008
_IPR1bits                                      (abs)        000F9F
_IPR2bits                                      (abs)        000FA2
_LATA                                          (abs)        000F89
_LATB                                          (abs)        000F8A
_LATC                                          (abs)        000F8B
_LATCbits                                      (abs)        000F8B
_LATD                                          (abs)        000F8C
_LATE                                          (abs)        000F8D
_MSSP_InterruptHandler                         bssCOMRAM    00002F
_OSCCON                                        (abs)        000FD3
_OSCILLATOR_Initialize                         text3        001336
_OSCTUNE                                       (abs)        000F9B
_PIE1bits                                      (abs)        000F9D
_PIE2bits                                      (abs)        000FA0
_PIN_MANAGER_Initialize                        text2        0011D4
_PIR1bits                                      (abs)        000F9E
_PIR2bits                                      (abs)        000FA1
_PORTA                                         (abs)        000F80
_PORTB                                         (abs)        000F81
_PORTC                                         (abs)        000F82
_PORTD                                         (abs)        000F83
_PORTE                                         (abs)        000F84
_RCONbits                                      (abs)        000FD0
_RecTC74_A7_TempValue                          bssCOMRAM    000032
_SSPADD                                        (abs)        000FC8
_SSPBUF                                        (abs)        000FC9
_SSPCON1                                       (abs)        000FC6
_SSPCON1bits                                   (abs)        000FC6
_SSPCON2                                       (abs)        000FC5
_SSPCON2bits                                   (abs)        000FC5
_SSPMSK                                        (abs)        000F77
_SSPSTAT                                       (abs)        000FC7
_SSPSTATbits                                   (abs)        000FC7
_SYSTEM_Initialize                             text1        001314
_TRISA                                         (abs)        000F92
_TRISB                                         (abs)        000F93
_TRISC                                         (abs)        000F94
_TRISD                                         (abs)        000F95
_TRISE                                         (abs)        000F96
_WPUB                                          (abs)        000F7C
__HRAM                                         (abs)        000000
__H__absolute__                                __absolute__ 000000
__Habs1                                        abs1         000000
__Hbank0                                       bank0        000000
__Hbank1                                       bank1        000000
__Hbank10                                      bank10       000000
__Hbank11                                      bank11       000000
__Hbank12                                      bank12       000000
__Hbank13                                      bank13       000000
__Hbank14                                      bank14       000000
__Hbank15                                      bank15       000000
__Hbank2                                       bank2        000000
__Hbank3                                       bank3        000000
__Hbank4                                       bank4        000000
__Hbank5                                       bank5        000000
__Hbank6                                       bank6        000000
__Hbank7                                       bank7        000000
__Hbank8                                       bank8        000000
__Hbank9                                       bank9        000000
__Hbigbss                                      bigbss       000000
__Hbigdata                                     bigdata      000000
__Hbigram                                      bigram       000000
__Hbigsfr                                      bigsfr       000000
__Hbss                                         bss          000000
__HbssCOMRAM                                   bssCOMRAM    000000
__Hcinit                                       cinit        000000
__Hclrtext                                     clrtext      000000
__Hcomram                                      comram       000000
__Hconfig                                      config       30000E
__Hconst                                       const        000000
__HcstackCOMRAM                                cstackCOMRAM 000000
__Hdata                                        data         000000
__HdataCOMRAM                                  dataCOMRAM   000000
__Heeprom_data                                 eeprom_data  000000
__Hfarbss                                      farbss       000000
__Hfardata                                     fardata      000000
__Hheap                                        heap         000000
__Hibigdata                                    ibigdata     000000
__Hidata                                       idata        000000
__HidataCOMRAM                                 idataCOMRAM  000000
__Hidloc                                       idloc        200008
__Hifardata                                    ifardata     000000
__Hinit                                        init         00007A
__Hintcode                                     intcode      000076
__Hintcode_body                                intcode_body 000000
__Hintcodelo                                   intcodelo    000076
__Hintentry                                    intentry     000000
__Hintret                                      intret       000000
__Hintsave_regs                                intsave_regs 000000
__Hirdata                                      irdata       000000
__Hmediumconst                                 mediumconst  000000
__HnvFARRAM                                    nvFARRAM     000000
__Hnvbit                                       nvbit        000000
__Hnvrram                                      nvrram       000000
__Hparam                                       rparam       000000
__Hpowerup                                     powerup      000076
__Hram                                         ram          000000
__Hramtop                                      ramtop       001000
__Hrbit                                        rbit         000000
__Hrbss                                        rbss         000000
__Hrdata                                       rdata        000000
__Hreset_vec                                   reset_vec    000004
__Hrparam                                      rparam       000000
__Hsfr                                         sfr          000000
__Hsivt_hi                                     sivt_hi      000000
__Hsivt_lo                                     sivt_lo      000000
__Hsmallconst                                  smallconst   001006
__Hspace_0                                     (abs)        0013CA
__Hspace_1                                     (abs)        00003F
__Hspace_2                                     (abs)        000000
__Hspace_4                                     (abs)        60000E
__Hstack                                       stack        000000
__Hstruct                                      struct       000000
__Htemp                                        temp         00003F
__Htext                                        text         000000
__Htext0                                       text0        000000
__Htext1                                       text1        000000
__Htext10                                      text10       000000
__Htext11                                      text11       000000
__Htext12                                      text12       000000
__Htext13                                      text13       000000
__Htext14                                      text14       000000
__Htext15                                      text15       000000
__Htext16                                      text16       000000
__Htext18                                      text18       000000
__Htext19                                      text19       000000
__Htext2                                       text2        000000
__Htext20                                      text20       000000
__Htext21                                      text21       000000
__Htext22                                      text22       000000
__Htext23                                      text23       000000
__Htext24                                      text24       000000
__Htext25                                      text25       000000
__Htext26                                      text26       000000
__Htext27                                      text27       000000
__Htext28                                      text28       000000
__Htext29                                      text29       000000
__Htext3                                       text3        000000
__Htext30                                      text30       000000
__Htext31                                      text31       000000
__Htext32                                      text32       000000
__Htext33                                      text33       000000
__Htext4                                       text4        000000
__Htext5                                       text5        000000
__Htext6                                       text6        000000
__Htext7                                       text7        000000
__Htext8                                       text8        000000
__Htext9                                       text9        000000
__LRAM                                         (abs)        000001
__L__absolute__                                __absolute__ 000000
__Labs1                                        abs1         000000
__Lbank0                                       bank0        000000
__Lbank1                                       bank1        000000
__Lbank10                                      bank10       000000
__Lbank11                                      bank11       000000
__Lbank12                                      bank12       000000
__Lbank13                                      bank13       000000
__Lbank14                                      bank14       000000
__Lbank15                                      bank15       000000
__Lbank2                                       bank2        000000
__Lbank3                                       bank3        000000
__Lbank4                                       bank4        000000
__Lbank5                                       bank5        000000
__Lbank6                                       bank6        000000
__Lbank7                                       bank7        000000
__Lbank8                                       bank8        000000
__Lbank9                                       bank9        000000
__Lbigbss                                      bigbss       000000
__Lbigdata                                     bigdata      000000
__Lbigram                                      bigram       000000
__Lbigsfr                                      bigsfr       000000
__Lbss                                         bss          000000
__LbssCOMRAM                                   bssCOMRAM    000000
__Lcinit                                       cinit        000000
__Lclrtext                                     clrtext      000000
__Lcomram                                      comram       000000
__Lconfig                                      config       000000
__Lconst                                       const        000000
__LcstackCOMRAM                                cstackCOMRAM 000000
__Ldata                                        data         000000
__LdataCOMRAM                                  dataCOMRAM   000000
__Leeprom_data                                 eeprom_data  000000
__Lfarbss                                      farbss       000000
__Lfardata                                     fardata      000000
__Lheap                                        heap         000000
__Libigdata                                    ibigdata     000000
__Lidata                                       idata        000000
__LidataCOMRAM                                 idataCOMRAM  000000
__Lidloc                                       idloc        000000
__Lifardata                                    ifardata     000000
__Linit                                        init         000076
__Lintcode                                     intcode      000008
__Lintcode_body                                intcode_body 000000
__Lintcodelo                                   intcodelo    000076
__Lintentry                                    intentry     000000
__Lintret                                      intret       000000
__Lintsave_regs                                intsave_regs 000000
__Lirdata                                      irdata       000000
__Lmediumconst                                 mediumconst  000000
__LnvFARRAM                                    nvFARRAM     000000
__Lnvbit                                       nvbit        000000
__Lnvrram                                      nvrram       000000
__Lparam                                       rparam       000000
__Lpowerup                                     powerup      000076
__Lram                                         ram          000000
__Lramtop                                      ramtop       001000
__Lrbit                                        rbit         000000
__Lrbss                                        rbss         000000
__Lrdata                                       rdata        000000
__Lreset_vec                                   reset_vec    000000
__Lrparam                                      rparam       000000
__Lsfr                                         sfr          000000
__Lsivt_hi                                     sivt_hi      000000
__Lsivt_lo                                     sivt_lo      000000
__Lsmallconst                                  smallconst   001000
__Lspace_0                                     (abs)        000000
__Lspace_1                                     (abs)        000000
__Lspace_2                                     (abs)        000000
__Lspace_4                                     (abs)        000000
__Lstack                                       stack        000000
__Lstruct                                      struct       000000
__Ltemp                                        temp         00003E
__Ltext                                        text         000000
__Ltext0                                       text0        000000
__Ltext1                                       text1        000000
__Ltext10                                      text10       000000
__Ltext11                                      text11       000000
__Ltext12                                      text12       000000
__Ltext13                                      text13       000000
__Ltext14                                      text14       000000
__Ltext15                                      text15       000000
__Ltext16                                      text16       000000
__Ltext18                                      text18       000000
__Ltext19                                      text19       000000
__Ltext2                                       text2        000000
__Ltext20                                      text20       000000
__Ltext21                                      text21       000000
__Ltext22                                      text22       000000
__Ltext23                                      text23       000000
__Ltext24                                      text24       000000
__Ltext25                                      text25       000000
__Ltext26                                      text26       000000
__Ltext27                                      text27       000000
__Ltext28                                      text28       000000
__Ltext29                                      text29       000000
__Ltext3                                       text3        000000
__Ltext30                                      text30       000000
__Ltext31                                      text31       000000
__Ltext32                                      text32       000000
__Ltext33                                      text33       000000
__Ltext4                                       text4        000000
__Ltext5                                       text5        000000
__Ltext6                                       text6        000000
__Ltext7                                       text7        000000
__Ltext8                                       text8        000000
__Ltext9                                       text9        000000
__S0                                           (abs)        0013CA
__S1                                           (abs)        00003F
__S4                                           (abs)        000000
__S5                                           (abs)        000000
___heap_hi                                     (abs)        000000
___heap_lo                                     (abs)        000000
___inthi_sp                                    stack        000000
___inthi_stack_hi                              stack        000000
___inthi_stack_lo                              stack        000000
___intlo_sp                                    stack        000000
___intlo_stack_hi                              stack        000000
___intlo_stack_lo                              stack        000000
___param_bank                                  (abs)        000000
___rparam_used                                 (abs)        000001
___sp                                          stack        000000
___stack_hi                                    stack        000000
___stack_lo                                    stack        000000
__accesstop                                    (abs)        000060
__activetblptr                                 (abs)        000003
__end_of_Custom_I2C_SlaveDefRdInterruptHandler text24       0013BA
__end_of_I2C_Initialize                        text5        001336
__end_of_I2C_Isr                               text18       001102
__end_of_I2C_Open                              text6        001160
__end_of_I2C_SlaveAddrCallBack                 text31       001288
__end_of_I2C_SlaveClearIrq                     text30       0013C6
__end_of_I2C_SlaveDefAddrInterruptHandler      text32       0013B4
__end_of_I2C_SlaveDefRdInterruptHandler        text25       0013AC
__end_of_I2C_SlaveDefWrInterruptHandler        text20       00139C
__end_of_I2C_SlaveEnableIrq                    text16       0013BE
__end_of_I2C_SlaveGetRxData                    text33       0013CA
__end_of_I2C_SlaveIsAddr                       text29       001314
__end_of_I2C_SlaveIsRead                       text28       001300
__end_of_I2C_SlaveIsRxBufFull                  text27       0012EC
__end_of_I2C_SlaveIsTxBufEmpty                 text26       0012D8
__end_of_I2C_SlaveOpen                         text15       0012C4
__end_of_I2C_SlaveRdCallBack                   text23       00125C
__end_of_I2C_SlaveReleaseClock                 text22       0013C2
__end_of_I2C_SlaveSendTxData                   text21       0013A4
__end_of_I2C_SlaveSetAddrIntHandler            text14       00137C
__end_of_I2C_SlaveSetBusColIntHandler          text13       001372
__end_of_I2C_SlaveSetIsrHandler                text12       001368
__end_of_I2C_SlaveSetReadIntHandler            text11       00135E
__end_of_I2C_SlaveSetSlaveAddr                 text10       001394
__end_of_I2C_SlaveSetSlaveMask                 text9        00138C
__end_of_I2C_SlaveSetWrColIntHandler           text8        001354
__end_of_I2C_SlaveSetWriteIntHandler           text7        00134A
__end_of_I2C_SlaveWrCallBack                   text19       001230
__end_of_INTERRUPT_Initialize                  text4        001384
__end_of_INTERRUPT_InterruptManagerHigh        intcode      000076
__end_of_OSCILLATOR_Initialize                 text3        001340
__end_of_PIN_MANAGER_Initialize                text2        001204
__end_of_SYSTEM_Initialize                     text1        001326
__end_of__initialization                       cinit        0011CA
__end_of_main                                  text0        00119E
__initialization                               cinit        00119E
__mediumconst                                  mediumconst  000000
__pbssCOMRAM                                   bssCOMRAM    00001F
__pcinit                                       cinit        00119E
__pcstackCOMRAM                                cstackCOMRAM 000037
__pdataCOMRAM                                  dataCOMRAM   000001
__pidataCOMRAM                                 idataCOMRAM  001288
__pintcode                                     intcode      000008
__psmallconst                                  smallconst   001000
__ptext0                                       text0        001160
__ptext1                                       text1        001314
__ptext10                                      text10       00138C
__ptext11                                      text11       001354
__ptext12                                      text12       00135E
__ptext13                                      text13       001368
__ptext14                                      text14       001372
__ptext15                                      text15       0012A6
__ptext16                                      text16       0013BA
__ptext18                                      text18       001006
__ptext19                                      text19       001204
__ptext2                                       text2        0011D4
__ptext20                                      text20       001394
__ptext21                                      text21       00139C
__ptext22                                      text22       0013BE
__ptext23                                      text23       001230
__ptext24                                      text24       0013B4
__ptext25                                      text25       0013A4
__ptext26                                      text26       0012C4
__ptext27                                      text27       0012D8
__ptext28                                      text28       0012EC
__ptext29                                      text29       001300
__ptext3                                       text3        001336
__ptext30                                      text30       0013C2
__ptext31                                      text31       00125C
__ptext32                                      text32       0013AC
__ptext33                                      text33       0013C6
__ptext4                                       text4        00137C
__ptext5                                       text5        001326
__ptext6                                       text6        001102
__ptext7                                       text7        001340
__ptext8                                       text8        00134A
__ptext9                                       text9        001384
__ramtop                                       ramtop       001000
__smallconst                                   smallconst   001000
_i2cRdData                                     bssCOMRAM    000035
_i2cSlaveAddr                                  bssCOMRAM    000034
_i2cSlaveState                                 bssCOMRAM    000033
_i2cWrData                                     bssCOMRAM    000036
_lat_registers                                 dataCOMRAM   00000B
_main                                          text0        001160
_port_registers                                dataCOMRAM   000001
_ret                                           bssCOMRAM    000031
_tris_registers                                dataCOMRAM   000015
btemp                                          temp         00003E
end_of_initialization                          cinit        0011CA
int$flags                                      temp         00003E
intlevel0                                      text         000000
intlevel1                                      text         000000
intlevel2                                      text         000000
intlevel3                                      text         000000
isa$std                                        (abs)        000001
isa$xinst                                      (abs)        000000
stackhi                                        (abs)        000000
stacklo                                        (abs)        000000
start                                          init         000076
start_initialization                           cinit        00119E
ttemp5                                         temp         00003F
ttemp6                                         temp         000042
ttemp7                                         temp         000046
wtemp8                                         temp         00003F


MODULE INFORMATION

Module		Function		Class		Link	Load	Size
mcc_generated_files/i2c_slave.c
		_I2C_SlaveDefRdInterruptHandler		CODE           	13A4	0000	8
		_I2C_SlaveDefWrInterruptHandler		CODE           	1394	0000	8
		_I2C_SlaveSetWrColIntHandler		CODE           	134A	0000	10
		_I2C_SlaveSetWriteIntHandler		CODE           	1340	0000	10
		_I2C_SlaveOpen 		CODE           	12A6	0000	30
		_I2C_SlaveSetSlaveAddr		CODE           	138C	0000	8
		_I2C_SlaveIsRxBufFull		CODE           	12D8	0000	20
		_I2C_SlaveClearIrq		CODE           	13C2	0000	4
		_I2C_SlaveGetRxData		CODE           	13C6	0000	4
		_I2C_SlaveSetSlaveMask		CODE           	1384	0000	8
		_I2C_Isr       		CODE           	1006	0000	252
		_I2C_SlaveDefAddrInterruptHandler		CODE           	13AC	0000	8
		_I2C_Open      		CODE           	1102	0000	94
		_I2C_SlaveIsRead		CODE           	12EC	0000	20
		_I2C_SlaveSetIsrHandler		CODE           	135E	0000	10
		_I2C_SlaveIsAddr		CODE           	1300	0000	20
		_I2C_SlaveSetBusColIntHandler		CODE           	1368	0000	10
		_I2C_SlaveEnableIrq		CODE           	13BA	0000	4
		_I2C_SlaveSendTxData		CODE           	139C	0000	8
		_I2C_SlaveRdCallBack		CODE           	1230	0000	44
		_I2C_SlaveWrCallBack		CODE           	1204	0000	44
		_I2C_SlaveSetReadIntHandler		CODE           	1354	0000	10
		_I2C_SlaveAddrCallBack		CODE           	125C	0000	44
		_I2C_Initialize		CODE           	1326	0000	16
		_I2C_SlaveIsTxBufEmpty		CODE           	12C4	0000	20
		_I2C_SlaveSetAddrIntHandler		CODE           	1372	0000	10
		_I2C_SlaveReleaseClock		CODE           	13BE	0000	4

mcc_generated_files/i2c_slave.c estimated size: 728

mcc_generated_files/interrupt_manager.c
		_INTERRUPT_Initialize		CODE           	137C	0000	8
		_INTERRUPT_InterruptManagerHigh		CODE           	0008	0000	110

mcc_generated_files/interrupt_manager.c estimated size: 118

mcc_generated_files/pin_manager.c
		_PIN_MANAGER_Initialize		CODE           	11D4	0000	48

mcc_generated_files/pin_manager.c estimated size: 48

shared
		__initialization		CODE           	119E	0000	44

shared estimated size: 44

mcc_generated_files/mcc.c
		_OSCILLATOR_Initialize		CODE           	1336	0000	10
		_SYSTEM_Initialize		CODE           	1314	0000	18

mcc_generated_files/mcc.c estimated size: 28

main.c
		_main          		CODE           	1160	0000	62
		_Custom_I2C_SlaveDefRdInterruptHandler		CODE           	13B4	0000	6

main.c estimated size: 68

