Microchip MPLAB XC8 Compiler V2.46

Linker command line:

-W-3 \
  --edf=C:\Program Files\Microchip\xc8\v2.46\pic\dat\20240104201356_en.msgs \
  -cn -h+dist/default/production\smartHome.X.production.sym \
  --cmf=dist/default/production\smartHome.X.production.cmf -z -Q18F46K20 \
  -oC:\Users\MOHAME~1\AppData\Local\Temp\xcAsdpk.\driver_tmp_3.o \
  --defsym=__MPLAB_BUILD=1 --fixupoverflow=error \
  -Mdist/default/production/smartHome.X.production.map \
  --md=C:\Users\MOHAME~1\AppData\Local\Temp\xcAsdpk.\driver_tmp_0.dat -E1 \
  -ver=XC8 Compiler -ACODE=00h-0FFFFh -ACONST=00h-0FFFFh \
  -ASMALLCONST=01000h-010FFhx240 -AMEDIUMCONST=01000h-0FFFFh \
  -ACOMRAM=01h-05Fh -AABS1=00h-0F5Fh -ABIGRAM=01h-0F5Fh \
  -ARAM=060h-0FFh,0100h-01FFhx14,0F00h-0F5Fh -ABANK0=060h-0FFh \
  -ABANK1=0100h-01FFh -ABANK2=0200h-02FFh -ABANK3=0300h-03FFh \
  -ABANK4=0400h-04FFh -ABANK5=0500h-05FFh -ABANK6=0600h-06FFh \
  -ABANK7=0700h-07FFh -ABANK8=0800h-08FFh -ABANK9=0900h-09FFh \
  -ABANK10=0A00h-0AFFh -ABANK11=0B00h-0BFFh -ABANK12=0C00h-0CFFh \
  -ABANK13=0D00h-0DFFh -ABANK14=0E00h-0EFFh -ABANK15=0F00h-0F5Fh \
  -ASFR=0F60h-0FFFh -ABIGSFR=0F60h-0FFFh -ACONFIG=0300000h-030000Dh \
  -AIDLOC=0200000h-0200007h -AEEDATA=0F00000h-0F003FFh -peeprom_data=EEDATA \
  -preset_vec=00h,intcode=8h,intcodelo,powerup,init -pramtop=01000h \
  -psmallconst=SMALLCONST -pmediumconst=MEDIUMCONST -pconst=CONST \
  -AFARRAM=00h-00h \
  -prdata=COMRAM,nvrram=COMRAM,nvbit=COMRAM,rbss=COMRAM,rbit=COMRAM \
  -pfarbss=FARRAM,fardata=FARRAM,nvFARRAM=FARRAM \
  -pintsave_regs=BIGRAM,bigbss=BIGRAM,bigdata=BIGRAM -pbss=RAM \
  -pidata=CODE,irdata=CODE,ibigdata=CODE,ifardata=CODE -prparam=COMRAM \
  C:\Users\MOHAME~1\AppData\Local\Temp\xcAsdpk.\driver_tmp_14.o \
  dist/default/production\smartHome.X.production.o 

Object code version is 3.11

Machine type is 18F46K20



                Name                               Link     Load   Length Selector   Space Scale
C:\Users\MOHAME~1\AppData\Local\Temp\xcAsdpk.\driver_tmp_14.o
                config                           300000   300000        E        0       4
                init                                 B6       B6        4        4       0
                reset_vec                             0        0        4        0       0
dist/default/production\smartHome.X.production.o
                intcode                               8        8       AE        4       0
                config                           300000   300000        E        0       4
                temp                                 5A       5A        1        1       1
                smallconst                         1000     1000       84      800       0
                text91                             26BC     26BC        4      842       0
                text90                             26B8     26B8        4      842       0
                text89                             247A     247A       24      842       0
                text88                             1F18     1F18       66      842       0
                text87                             2542     2542       18      842       0
                text86                             23DA     23DA       2C      842       0
                text85                             23AE     23AE       2C      842       0
                text84                             2382     2382       2C      842       0
                text83                             2356     2356       2C      842       0
                text82                             219C     219C       42      842       0
                text81                             26B4     26B4        4      842       0
                text80                             26B0     26B0        4      842       0
                text79                             26AC     26AC        4      842       0
                text78                             2682     2682        6      842       0
                text77                             26A8     26A8        4      842       0
                text76                             267C     267C        6      842       0
                text75                             2668     2668        8      842       0
                text74                             2584     2584       14      842       0
                text73                             26A4     26A4        4      842       0
                text72                             1B28     1B28       7C      842       0
                text71                             25E0     25E0        C      842       0
                text70                             25AA     25AA       10      842       0
                text69                             25BA     25BA        E      842       0
                text68                             1818     1818       C4      842       0
                text67                             18DC     18DC       A6      842       0
                text66                             25D4     25D4        C      842       0
                text65                             2660     2660        8      842       0
                text64                             2658     2658        8      842       0
                text63                             2650     2650        8      842       0
                text62                             2648     2648        8      842       0
                text61                             2640     2640        8      842       0
                text60                             2638     2638        8      842       0
                text59                             2630     2630        8      842       0
                text58                             25C8     25C8        C      842       0
                text57                             1EB2     1EB2       66      842       0
                text56                             26A0     26A0        4      842       0
                text55                             1D74     1D74       6E      842       0
                text54                             2676     2676        6      842       0
                text52                             269C     269C        4      842       0
                text51                             2698     2698        4      842       0
                text50                             2694     2694        4      842       0
                text49                             232A     232A       2C      842       0
                text48                             2690     2690        4      842       0
                text47                             21DE     21DE       40      842       0
                text46                             2628     2628        8      842       0
                text45                             268C     268C        4      842       0
                text44                             249E     249E       22      842       0
                text43                             261E     261E        A      842       0
                text42                             1982     1982       9E      842       0
                text41                             1E4C     1E4C       66      842       0
                text40                             252A     252A       18      842       0
                text39                             2456     2456       24      842       0
                text38                             2512     2512       18      842       0
                text37                             1DE2     1DE2       6A      842       0
                text36                             132C     132C      112      842       0
                text35                             255A     255A       16      842       0
                text34                             20F6     20F6       5A      842       0
                text33                             1730     1730       E8      842       0
                text32                             1D04     1D04       70      842       0
                text31                             2040     2040       5C      842       0
                text30                             2614     2614        A      842       0
                text29                             24DC     24DC       1C      842       0
                text28                             24C0     24C0       1C      842       0
                text27                             2294     2294       36      842       0
                text26                             2570     2570       14      842       0
                text25                             260A     260A        A      842       0
                text24                             2600     2600        A      842       0
                text23                             25F6     25F6        A      842       0
                text22                             225C     225C       38      842       0
                text21                             2688     2688        4      842       0
                text20                             2670     2670        6      842       0
                text19                             22FA     22FA       30      842       0
                text18                             24F8     24F8       1A      842       0
                text17                             2598     2598       12      842       0
                text16                             22CA     22CA       30      842       0
                text15                             1C90     1C90       74      842       0
                text14                             1F7E     1F7E       64      842       0
                text13                             1084     1084      196      842       0
                text12                             2150     2150       4C      842       0
                text11                             25EC     25EC        A      842       0
                text10                             121A     121A      112      842       0
                text9                              143E     143E      110      842       0
                text8                              1FE2     1FE2       5E      842       0
                text7                              242E     242E       28      842       0
                text6                              1C1A     1C1A       76      842       0
                text5                              1642     1642       EE      842       0
                text4                              1BA4     1BA4       76      842       0
                text3                              1AA4     1AA4       84      842       0
                text2                              1A20     1A20       84      842       0
                text1                              221E     221E       3E      842       0
                text0                              154E     154E       F4      842       0
                cstackCOMRAM                          1        1       37        1       1
                dataBANK0                            9C       9C       28       60       1
                bssBANK0                             60       60       3C       60       1
                dataCOMRAM                           58       58        2        1       1
                bssCOMRAM                            38       38       20        1       1
                cinit                              209C     209C       5A      842       0
                idataBANK0                         2406     2406       28      842       0
                idataCOMRAM                        26C0     26C0        2      842       0

TOTAL           Name                               Link     Load   Length     Space
        CLASS   CODE           
                intcode                               8        8       AE         0
                init                                 B6       B6        4         0
                reset_vec                             0        0        4         0
                text91                             26BC     26BC        4         0
                text90                             26B8     26B8        4         0
                text89                             247A     247A       24         0
                text88                             1F18     1F18       66         0
                text87                             2542     2542       18         0
                text86                             23DA     23DA       2C         0
                text85                             23AE     23AE       2C         0
                text84                             2382     2382       2C         0
                text83                             2356     2356       2C         0
                text82                             219C     219C       42         0
                text81                             26B4     26B4        4         0
                text80                             26B0     26B0        4         0
                text79                             26AC     26AC        4         0
                text78                             2682     2682        6         0
                text77                             26A8     26A8        4         0
                text76                             267C     267C        6         0
                text75                             2668     2668        8         0
                text74                             2584     2584       14         0
                text73                             26A4     26A4        4         0
                text72                             1B28     1B28       7C         0
                text71                             25E0     25E0        C         0
                text70                             25AA     25AA       10         0
                text69                             25BA     25BA        E         0
                text68                             1818     1818       C4         0
                text67                             18DC     18DC       A6         0
                text66                             25D4     25D4        C         0
                text65                             2660     2660        8         0
                text64                             2658     2658        8         0
                text63                             2650     2650        8         0
                text62                             2648     2648        8         0
                text61                             2640     2640        8         0
                text60                             2638     2638        8         0
                text59                             2630     2630        8         0
                text58                             25C8     25C8        C         0
                text57                             1EB2     1EB2       66         0
                text56                             26A0     26A0        4         0
                text55                             1D74     1D74       6E         0
                text54                             2676     2676        6         0
                text52                             269C     269C        4         0
                text51                             2698     2698        4         0
                text50                             2694     2694        4         0
                text49                             232A     232A       2C         0
                text48                             2690     2690        4         0
                text47                             21DE     21DE       40         0
                text46                             2628     2628        8         0
                text45                             268C     268C        4         0
                text44                             249E     249E       22         0
                text43                             261E     261E        A         0
                text42                             1982     1982       9E         0
                text41                             1E4C     1E4C       66         0
                text40                             252A     252A       18         0
                text39                             2456     2456       24         0
                text38                             2512     2512       18         0
                text37                             1DE2     1DE2       6A         0
                text36                             132C     132C      112         0
                text35                             255A     255A       16         0
                text34                             20F6     20F6       5A         0
                text33                             1730     1730       E8         0
                text32                             1D04     1D04       70         0
                text31                             2040     2040       5C         0
                text30                             2614     2614        A         0
                text29                             24DC     24DC       1C         0
                text28                             24C0     24C0       1C         0
                text27                             2294     2294       36         0
                text26                             2570     2570       14         0
                text25                             260A     260A        A         0
                text24                             2600     2600        A         0
                text23                             25F6     25F6        A         0
                text22                             225C     225C       38         0
                text21                             2688     2688        4         0
                text20                             2670     2670        6         0
                text19                             22FA     22FA       30         0
                text18                             24F8     24F8       1A         0
                text17                             2598     2598       12         0
                text16                             22CA     22CA       30         0
                text15                             1C90     1C90       74         0
                text14                             1F7E     1F7E       64         0
                text13                             1084     1084      196         0
                text12                             2150     2150       4C         0
                text11                             25EC     25EC        A         0
                text10                             121A     121A      112         0
                text9                              143E     143E      110         0
                text8                              1FE2     1FE2       5E         0
                text7                              242E     242E       28         0
                text6                              1C1A     1C1A       76         0
                text5                              1642     1642       EE         0
                text4                              1BA4     1BA4       76         0
                text3                              1AA4     1AA4       84         0
                text2                              1A20     1A20       84         0
                text1                              221E     221E       3E         0
                text0                              154E     154E       F4         0
                cinit                              209C     209C       5A         0
                idataBANK0                         2406     2406       28         0
                idataCOMRAM                        26C0     26C0        2         0

        CLASS   CONST          

        CLASS   SMALLCONST     
                smallconst                         1000     1000       84         0

        CLASS   MEDIUMCONST    

        CLASS   COMRAM         
                temp                                 5A       5A        1         1
                cstackCOMRAM                          1        1       37         1
                dataCOMRAM                           58       58        2         1
                bssCOMRAM                            38       38       20         1

        CLASS   ABS1           

        CLASS   BIGRAM         

        CLASS   RAM            

        CLASS   BANK0          
                dataBANK0                            9C       9C       28         1
                bssBANK0                             60       60       3C         1

        CLASS   BANK1          

        CLASS   BANK2          

        CLASS   BANK3          

        CLASS   BANK4          

        CLASS   BANK5          

        CLASS   BANK6          

        CLASS   BANK7          

        CLASS   BANK8          

        CLASS   BANK9          

        CLASS   BANK10         

        CLASS   BANK11         

        CLASS   BANK12         

        CLASS   BANK13         

        CLASS   BANK14         

        CLASS   BANK15         

        CLASS   SFR            

        CLASS   BIGSFR         

        CLASS   CONFIG         
                config                           300000   300000        E         4

        CLASS   IDLOC          

        CLASS   EEDATA         

        CLASS   FARRAM         

        CLASS   HEAP           

        CLASS   STACK          



SEGMENTS        Name                           Load    Length   Top    Selector   Space  Class

                reset_vec                      000000  000004  000004         0       0  CODE    
                cstackCOMRAM                   000001  00005A  00005B         1       1  COMRAM  
                intcode                        000008  0000B2  0000BA         4       0  CODE    
                bssBANK0                       000060  000064  0000C4        60       1  BANK0   
                smallconst                     001000  000084  001084       800       0  SMALLCON
                text13                         001084  00163E  0026C2       842       0  CODE    


UNUSED ADDRESS RANGES

        Name                Unused          Largest block    Delta
        BANK0            0000C4-0000FF               3C
        BANK1            000100-0001FF              100
        BANK10           000A00-000AFF              100
        BANK11           000B00-000BFF              100
        BANK12           000C00-000CFF              100
        BANK13           000D00-000DFF              100
        BANK14           000E00-000EFF              100
        BANK15           000F00-000F5F               60
        BANK2            000200-0002FF              100
        BANK3            000300-0003FF              100
        BANK4            000400-0004FF              100
        BANK5            000500-0005FF              100
        BANK6            000600-0006FF              100
        BANK7            000700-0007FF              100
        BANK8            000800-0008FF              100
        BANK9            000900-0009FF              100
        BIGRAM           00005B-00005F                5
                         0000C4-000F5F              E9C
        BIGSFR           000F60-000FFF               A0
        CODE             000004-000007                4
                         0000BA-000FFF              F46
                         0026C2-00FFFF             D93E
        COMRAM           00005B-00005F                5
        CONST            000004-000007                4
                         0000BA-000FFF              F46
                         0026C2-00FFFF             D93E
        EEDATA           F00000-F003FF              400
        IDLOC            200000-200007                8
        MEDIUMCONST      0026C2-00FFFF             D93E
        RAM              0000C4-000F5F              100
        SFR              000F60-000FFF               A0
        SMALLCONST       0026C2-00FFFF              100

                                  Symbol Table

?_RealTimeClockDs1307_Get_Date_Time                 cstackCOMRAM 000028
?___lwdiv                                           cstackCOMRAM 00001C
?___lwmod                                           cstackCOMRAM 000023
?_sprintf                                           cstackCOMRAM 000028
EUSART_FramingErrorCallbackRegister@callbackHandler cstackCOMRAM 00001C
EUSART_OverrunErrorCallbackRegister@callbackHandler cstackCOMRAM 00001C
EUSART_Write@txData                                 cstackCOMRAM 00001C
I2C_CallbackReturnReset@funPtr                      cstackCOMRAM 00000A
I2C_Close@returnValue                               cstackCOMRAM 00001C
I2C_MasterOperation@read                            cstackCOMRAM 00001C
I2C_MasterOperation@returnValue                     cstackCOMRAM 00001D
I2C_MasterSendTxData@data                           cstackCOMRAM 000001
I2C_Open@address                                    cstackCOMRAM 00001E
I2C_Open@returnValue                                cstackCOMRAM 00001F
I2C_Read1ByteRegister@address                       cstackCOMRAM 000026
I2C_Read1ByteRegister@reg                           cstackCOMRAM 000025
I2C_Read1ByteRegister@returnValue                   cstackCOMRAM 000027
I2C_SetAddressNackCallback@cb                       cstackCOMRAM 000021
I2C_SetAddressNackCallback@ptr                      cstackCOMRAM 000023
I2C_SetBuffer@buffer                                cstackCOMRAM 00001C
I2C_SetBuffer@bufferSize                            cstackCOMRAM 00001E
I2C_SetCallback@cb                                  cstackCOMRAM 00001C
I2C_SetCallback@idx                                 cstackCOMRAM 000020
I2C_SetCallback@ptr                                 cstackCOMRAM 00001E
I2C_SetDataCompleteCallback@cb                      cstackCOMRAM 000021
I2C_SetDataCompleteCallback@ptr                     cstackCOMRAM 000023
I2C_SetInterruptHandler@InterruptHandler            cstackCOMRAM 00001C
I2C_Write1ByteRegister@address                      cstackCOMRAM 000027
I2C_Write1ByteRegister@data                         cstackCOMRAM 000026
I2C_Write1ByteRegister@reg                          cstackCOMRAM 000025
INT0_SetInterruptHandler@InterruptHandler           cstackCOMRAM 00001C
INT1_SetInterruptHandler@InterruptHandler           cstackCOMRAM 00001C
INT2_SetInterruptHandler@InterruptHandler           cstackCOMRAM 00001C
Keypad_Get_Value@L_rows_counter                     cstackCOMRAM 000021
Keypad_Get_Value@Value                              cstackCOMRAM 00001C
Keypad_Get_Value@mask                               cstackCOMRAM 00001F
Keypad_Get_Value@val                                cstackCOMRAM 000020
TemSensor_TC74_Read_Temp@Received_Temp              cstackCOMRAM 000029
TemSensor_TC74_Read_Temp@Temp_Address               cstackCOMRAM 000028
UART_Send_String@String                             cstackCOMRAM 00001D
UART_Send_String@String_Length                      cstackCOMRAM 00001F
UART_Send_String@str_len_counter                    cstackCOMRAM 000023
_ANSELH                                             (abs)        000F7F
_BAUDCON                                            (abs)        000FB8
_BAUDCONbits                                        (abs)        000FB8
_CLOCK_Initialize                                   text30       002614
_EEADR                                              (abs)        000FA9
_EEADRH                                             (abs)        000FAA
_EECON1bits                                         (abs)        000FA6
_EECON2                                             (abs)        000FA7
_EEDATA                                             (abs)        000FA8
_EUSART_DefaultFramingErrorCallback                 (abs)        000000
_EUSART_DefaultOverrunErrorCallback                 (abs)        000000
_EUSART_FramingErrorCallbackRegister                text29       0024DC
_EUSART_FramingErrorHandler                         bssCOMRAM    000046
_EUSART_Initialize                                  text27       002294
_EUSART_OverrunErrorCallbackRegister                text28       0024C0
_EUSART_OverrunErrorHandler                         bssCOMRAM    000044
_EUSART_Write                                       text35       00255A
_I2C_CallbackReturnReset                            text80       0026B0
_I2C_CallbackReturnStop                             text81       0026B4
_I2C_Close                                          text49       00232A
_I2C_DO_ADDRESS_NACK                                text57       001EB2
_I2C_DO_IDLE                                        text71       0025E0
_I2C_DO_RCEN                                        text66       0025D4
_I2C_DO_RESET                                       text58       0025C8
_I2C_DO_RX                                          text67       0018DC
_I2C_DO_RX_ACK                                      text61       002640
_I2C_DO_RX_NACK_RESTART                             text59       002630
_I2C_DO_RX_NACK_STOP                                text60       002638
_I2C_DO_SEND_ADR_READ                               text70       0025AA
_I2C_DO_SEND_ADR_WRITE                              text69       0025BA
_I2C_DO_SEND_RESTART                                text63       002650
_I2C_DO_SEND_RESTART_READ                           text65       002660
_I2C_DO_SEND_RESTART_WRITE                          text64       002658
_I2C_DO_SEND_STOP                                   text62       002648
_I2C_DO_TX                                          text68       001818
_I2C_DO_TX_EMPTY                                    text72       001B28
_I2C_Initialize                                     text26       002570
_I2C_MasterClearIrq                                 text52       00269C
_I2C_MasterClose                                    text51       002698
_I2C_MasterDisableIrq                               text50       002694
_I2C_MasterEnableIrq                                text45       00268C
_I2C_MasterEnableRestart                            text91       0026BC
_I2C_MasterFsm                                      text55       001D74
_I2C_MasterGetRxData                                text77       0026A8
_I2C_MasterIsNack                                   text74       002584
_I2C_MasterIsr                                      text54       002676
_I2C_MasterOpen                                     text44       00249E
_I2C_MasterOperation                                text47       0021DE
_I2C_MasterSendAck                                  text76       00267C
_I2C_MasterSendNack                                 text78       002682
_I2C_MasterSendTxData                               text75       002668
_I2C_MasterSetIrq                                   text73       0026A4
_I2C_MasterStart                                    text48       002690
_I2C_MasterStartRx                                  text79       0026AC
_I2C_MasterStop                                     text90       0026B8
_I2C_MasterWrite                                    text46       002628
_I2C_Open                                           text42       001982
_I2C_Read1ByteRegister                              text32       001D04
_I2C_SetAddressNackCallback                         text40       00252A
_I2C_SetBuffer                                      text39       002456
_I2C_SetCallback                                    text41       001E4C
_I2C_SetDataCompleteCallback                        text38       002512
_I2C_SetInterruptHandler                            text43       00261E
_I2C_Status                                         bssBANK0     000060
_I2C_Write1ByteRegister                             text37       001DE2
_INT0_DefaultInterruptHandler                       (abs)        000000
_INT0_InterruptHandler                              bssCOMRAM    00004E
_INT0_SetInterruptHandler                           text25       00260A
_INT1_DefaultInterruptHandler                       (abs)        000000
_INT1_InterruptHandler                              bssCOMRAM    00004C
_INT1_SetInterruptHandler                           text24       002600
_INT2_DefaultInterruptHandler                       (abs)        000000
_INT2_InterruptHandler                              bssCOMRAM    00004A
_INT2_SetInterruptHandler                           text23       0025F6
_INTCON2bits                                        (abs)        000FF1
_INTCON3bits                                        (abs)        000FF0
_INTCONbits                                         (abs)        000FF2
_INTERRUPT_Initialize                               text22       00225C
_INTERRUPT_InterruptManagerHigh                     intcode      000008
_IOCB                                               (abs)        000F7D
_IPR1bits                                           (abs)        000F9F
_IPR2bits                                           (abs)        000FA2
_KeyPad_Value                                       dataCOMRAM   000059
_Keypad_Get_Value                                   text36       00132C
_LATA                                               (abs)        000F89
_LATB                                               (abs)        000F8A
_LATC                                               (abs)        000F8B
_LATD                                               (abs)        000F8C
_LATE                                               (abs)        000F8D
_LCD_1                                              dataBANK0    0000BA
_MSSP_InterruptHandler                              bssCOMRAM    000050
_NVM_A2_Received                                    bssCOMRAM    000053
_NVM_A6_Received                                    bssCOMRAM    000052
_NVM_Initialize                                     text20       002670
_NVM_StatusClear                                    text21       002688
_OSCCON                                             (abs)        000FD3
_OSCTUNE                                            (abs)        000F9B
_PIE1bits                                           (abs)        000F9D
_PIE2bits                                           (abs)        000FA0
_PIN_MANAGER_Initialize                             text19       0022FA
_PIR1bits                                           (abs)        000F9E
_PIR2bits                                           (abs)        000FA1
_PORTA                                              (abs)        000F80
_PORTB                                              (abs)        000F81
_PORTC                                              (abs)        000F82
_PORTD                                              (abs)        000F83
_PORTE                                              (abs)        000F84
_Print_RealTimeClockDS1307                          text33       001730
_RCONbits                                           (abs)        000FD0
_RCREG                                              (abs)        000FAE
_RCSTA                                              (abs)        000FAB
_RCSTAbits                                          (abs)        000FAB
_RealTimeClockDS1307_Pack_Date                      bssBANK0     00008A
_RealTimeClockDS1307_Pack_Time                      bssBANK0     000093
_RealTimeClockDs1307                                bssBANK0     000084
_RealTimeClockDs1307@RealTimeClockDs1307$F381       bssCOMRAM    000038
_RealTimeClockDs1307_Get_Date_Time                  text31       002040
_SPBRG                                              (abs)        000FAF
_SPBRGH                                             (abs)        000FB0
_SSPADD                                             (abs)        000FC8
_SSPBUF                                             (abs)        000FC9
_SSPCON1                                            (abs)        000FC6
_SSPCON1bits                                        (abs)        000FC6
_SSPCON2                                            (abs)        000FC5
_SSPCON2bits                                        (abs)        000FC5
_SSPSTAT                                            (abs)        000FC7
_SSPSTATbits                                        (abs)        000FC7
_SYSTEM_Initialize                                  text18       0024F8
_TRISA                                              (abs)        000F92
_TRISB                                              (abs)        000F93
_TRISC                                              (abs)        000F94
_TRISD                                              (abs)        000F95
_TRISE                                              (abs)        000F96
_TXREG                                              (abs)        000FAD
_TXSTA                                              (abs)        000FAC
_TXSTAbits                                          (abs)        000FAC
_TemSensor_TC74_Read_Temp                           text17       002598
_Temp_A7_Val                                        bssCOMRAM    000054
_UART_Send_String                                   text34       0020F6
_WPUB                                               (abs)        000F7C
__HRAM                                              (abs)        000000
__H__absolute__                                     __absolute__ 000000
__Habs1                                             abs1         000000
__Hbank0                                            bank0        000000
__Hbank1                                            bank1        000000
__Hbank10                                           bank10       000000
__Hbank11                                           bank11       000000
__Hbank12                                           bank12       000000
__Hbank13                                           bank13       000000
__Hbank14                                           bank14       000000
__Hbank15                                           bank15       000000
__Hbank2                                            bank2        000000
__Hbank3                                            bank3        000000
__Hbank4                                            bank4        000000
__Hbank5                                            bank5        000000
__Hbank6                                            bank6        000000
__Hbank7                                            bank7        000000
__Hbank8                                            bank8        000000
__Hbank9                                            bank9        000000
__Hbigbss                                           bigbss       000000
__Hbigdata                                          bigdata      000000
__Hbigram                                           bigram       000000
__Hbigsfr                                           bigsfr       000000
__Hbss                                              bss          000000
__HbssBANK0                                         bssBANK0     000000
__HbssCOMRAM                                        bssCOMRAM    000000
__Hcinit                                            cinit        000000
__Hclrtext                                          clrtext      000000
__Hcomram                                           comram       000000
__Hconfig                                           config       30000E
__Hconst                                            const        000000
__HcstackCOMRAM                                     cstackCOMRAM 000000
__Hdata                                             data         000000
__HdataBANK0                                        dataBANK0    000000
__HdataCOMRAM                                       dataCOMRAM   000000
__Heeprom_data                                      eeprom_data  000000
__Hfarbss                                           farbss       000000
__Hfardata                                          fardata      000000
__Hheap                                             heap         000000
__Hibigdata                                         ibigdata     000000
__Hidata                                            idata        000000
__HidataBANK0                                       idataBANK0   000000
__HidataCOMRAM                                      idataCOMRAM  000000
__Hidloc                                            idloc        000000
__Hifardata                                         ifardata     000000
__Hinit                                             init         0000BA
__Hintcode                                          intcode      0000B6
__Hintcode_body                                     intcode_body 000000
__Hintcodelo                                        intcodelo    0000B6
__Hintentry                                         intentry     000000
__Hintret                                           intret       000000
__Hintsave_regs                                     intsave_regs 000000
__Hirdata                                           irdata       000000
__Hmediumconst                                      mediumconst  000000
__HnvFARRAM                                         nvFARRAM     000000
__Hnvbit                                            nvbit        000000
__Hnvrram                                           nvrram       000000
__Hparam                                            rparam       000000
__Hpowerup                                          powerup      0000B6
__Hram                                              ram          000000
__Hramtop                                           ramtop       001000
__Hrbit                                             rbit         000000
__Hrbss                                             rbss         000000
__Hrdata                                            rdata        000000
__Hreset_vec                                        reset_vec    000004
__Hrparam                                           rparam       000000
__Hsfr                                              sfr          000000
__Hsivt_hi                                          sivt_hi      000000
__Hsivt_lo                                          sivt_lo      000000
__Hsmallconst                                       smallconst   001084
__Hspace_0                                          (abs)        0026C2
__Hspace_1                                          (abs)        0000C4
__Hspace_2                                          (abs)        000000
__Hspace_4                                          (abs)        60000E
__Hstack                                            stack        000000
__Hstruct                                           struct       000000
__Htemp                                             temp         00005B
__Htext                                             text         000000
__Htext0                                            text0        000000
__Htext1                                            text1        000000
__Htext10                                           text10       000000
__Htext11                                           text11       000000
__Htext12                                           text12       000000
__Htext13                                           text13       000000
__Htext14                                           text14       000000
__Htext15                                           text15       000000
__Htext16                                           text16       000000
__Htext17                                           text17       000000
__Htext18                                           text18       000000
__Htext19                                           text19       000000
__Htext2                                            text2        000000
__Htext20                                           text20       000000
__Htext21                                           text21       000000
__Htext22                                           text22       000000
__Htext23                                           text23       000000
__Htext24                                           text24       000000
__Htext25                                           text25       000000
__Htext26                                           text26       000000
__Htext27                                           text27       000000
__Htext28                                           text28       000000
__Htext29                                           text29       000000
__Htext3                                            text3        000000
__Htext30                                           text30       000000
__Htext31                                           text31       000000
__Htext32                                           text32       000000
__Htext33                                           text33       000000
__Htext34                                           text34       000000
__Htext35                                           text35       000000
__Htext36                                           text36       000000
__Htext37                                           text37       000000
__Htext38                                           text38       000000
__Htext39                                           text39       000000
__Htext4                                            text4        000000
__Htext40                                           text40       000000
__Htext41                                           text41       000000
__Htext42                                           text42       000000
__Htext43                                           text43       000000
__Htext44                                           text44       000000
__Htext45                                           text45       000000
__Htext46                                           text46       000000
__Htext47                                           text47       000000
__Htext48                                           text48       000000
__Htext49                                           text49       000000
__Htext5                                            text5        000000
__Htext50                                           text50       000000
__Htext51                                           text51       000000
__Htext52                                           text52       000000
__Htext54                                           text54       000000
__Htext55                                           text55       000000
__Htext56                                           text56       000000
__Htext57                                           text57       000000
__Htext58                                           text58       000000
__Htext59                                           text59       000000
__Htext6                                            text6        000000
__Htext60                                           text60       000000
__Htext61                                           text61       000000
__Htext62                                           text62       000000
__Htext63                                           text63       000000
__Htext64                                           text64       000000
__Htext65                                           text65       000000
__Htext66                                           text66       000000
__Htext67                                           text67       000000
__Htext68                                           text68       000000
__Htext69                                           text69       000000
__Htext7                                            text7        000000
__Htext70                                           text70       000000
__Htext71                                           text71       000000
__Htext72                                           text72       000000
__Htext73                                           text73       000000
__Htext74                                           text74       000000
__Htext75                                           text75       000000
__Htext76                                           text76       000000
__Htext77                                           text77       000000
__Htext78                                           text78       000000
__Htext79                                           text79       000000
__Htext8                                            text8        000000
__Htext80                                           text80       000000
__Htext81                                           text81       000000
__Htext82                                           text82       000000
__Htext83                                           text83       000000
__Htext84                                           text84       000000
__Htext85                                           text85       000000
__Htext86                                           text86       000000
__Htext87                                           text87       000000
__Htext88                                           text88       000000
__Htext89                                           text89       000000
__Htext9                                            text9        000000
__Htext90                                           text90       000000
__Htext91                                           text91       000000
__LRAM                                              (abs)        000001
__L__absolute__                                     __absolute__ 000000
__Labs1                                             abs1         000000
__Lbank0                                            bank0        000000
__Lbank1                                            bank1        000000
__Lbank10                                           bank10       000000
__Lbank11                                           bank11       000000
__Lbank12                                           bank12       000000
__Lbank13                                           bank13       000000
__Lbank14                                           bank14       000000
__Lbank15                                           bank15       000000
__Lbank2                                            bank2        000000
__Lbank3                                            bank3        000000
__Lbank4                                            bank4        000000
__Lbank5                                            bank5        000000
__Lbank6                                            bank6        000000
__Lbank7                                            bank7        000000
__Lbank8                                            bank8        000000
__Lbank9                                            bank9        000000
__Lbigbss                                           bigbss       000000
__Lbigdata                                          bigdata      000000
__Lbigram                                           bigram       000000
__Lbigsfr                                           bigsfr       000000
__Lbss                                              bss          000000
__LbssBANK0                                         bssBANK0     000000
__LbssCOMRAM                                        bssCOMRAM    000000
__Lcinit                                            cinit        000000
__Lclrtext                                          clrtext      000000
__Lcomram                                           comram       000000
__Lconfig                                           config       000000
__Lconst                                            const        000000
__LcstackCOMRAM                                     cstackCOMRAM 000000
__Ldata                                             data         000000
__LdataBANK0                                        dataBANK0    000000
__LdataCOMRAM                                       dataCOMRAM   000000
__Leeprom_data                                      eeprom_data  000000
__Lfarbss                                           farbss       000000
__Lfardata                                          fardata      000000
__Lheap                                             heap         000000
__Libigdata                                         ibigdata     000000
__Lidata                                            idata        000000
__LidataBANK0                                       idataBANK0   000000
__LidataCOMRAM                                      idataCOMRAM  000000
__Lidloc                                            idloc        000000
__Lifardata                                         ifardata     000000
__Linit                                             init         0000B6
__Lintcode                                          intcode      000008
__Lintcode_body                                     intcode_body 000000
__Lintcodelo                                        intcodelo    0000B6
__Lintentry                                         intentry     000000
__Lintret                                           intret       000000
__Lintsave_regs                                     intsave_regs 000000
__Lirdata                                           irdata       000000
__Lmediumconst                                      mediumconst  000000
__LnvFARRAM                                         nvFARRAM     000000
__Lnvbit                                            nvbit        000000
__Lnvrram                                           nvrram       000000
__Lparam                                            rparam       000000
__Lpowerup                                          powerup      0000B6
__Lram                                              ram          000000
__Lramtop                                           ramtop       001000
__Lrbit                                             rbit         000000
__Lrbss                                             rbss         000000
__Lrdata                                            rdata        000000
__Lreset_vec                                        reset_vec    000000
__Lrparam                                           rparam       000000
__Lsfr                                              sfr          000000
__Lsivt_hi                                          sivt_hi      000000
__Lsivt_lo                                          sivt_lo      000000
__Lsmallconst                                       smallconst   001000
__Lspace_0                                          (abs)        000000
__Lspace_1                                          (abs)        000000
__Lspace_2                                          (abs)        000000
__Lspace_4                                          (abs)        000000
__Lstack                                            stack        000000
__Lstruct                                           struct       000000
__Ltemp                                             temp         00005A
__Ltext                                             text         000000
__Ltext0                                            text0        000000
__Ltext1                                            text1        000000
__Ltext10                                           text10       000000
__Ltext11                                           text11       000000
__Ltext12                                           text12       000000
__Ltext13                                           text13       000000
__Ltext14                                           text14       000000
__Ltext15                                           text15       000000
__Ltext16                                           text16       000000
__Ltext17                                           text17       000000
__Ltext18                                           text18       000000
__Ltext19                                           text19       000000
__Ltext2                                            text2        000000
__Ltext20                                           text20       000000
__Ltext21                                           text21       000000
__Ltext22                                           text22       000000
__Ltext23                                           text23       000000
__Ltext24                                           text24       000000
__Ltext25                                           text25       000000
__Ltext26                                           text26       000000
__Ltext27                                           text27       000000
__Ltext28                                           text28       000000
__Ltext29                                           text29       000000
__Ltext3                                            text3        000000
__Ltext30                                           text30       000000
__Ltext31                                           text31       000000
__Ltext32                                           text32       000000
__Ltext33                                           text33       000000
__Ltext34                                           text34       000000
__Ltext35                                           text35       000000
__Ltext36                                           text36       000000
__Ltext37                                           text37       000000
__Ltext38                                           text38       000000
__Ltext39                                           text39       000000
__Ltext4                                            text4        000000
__Ltext40                                           text40       000000
__Ltext41                                           text41       000000
__Ltext42                                           text42       000000
__Ltext43                                           text43       000000
__Ltext44                                           text44       000000
__Ltext45                                           text45       000000
__Ltext46                                           text46       000000
__Ltext47                                           text47       000000
__Ltext48                                           text48       000000
__Ltext49                                           text49       000000
__Ltext5                                            text5        000000
__Ltext50                                           text50       000000
__Ltext51                                           text51       000000
__Ltext52                                           text52       000000
__Ltext54                                           text54       000000
__Ltext55                                           text55       000000
__Ltext56                                           text56       000000
__Ltext57                                           text57       000000
__Ltext58                                           text58       000000
__Ltext59                                           text59       000000
__Ltext6                                            text6        000000
__Ltext60                                           text60       000000
__Ltext61                                           text61       000000
__Ltext62                                           text62       000000
__Ltext63                                           text63       000000
__Ltext64                                           text64       000000
__Ltext65                                           text65       000000
__Ltext66                                           text66       000000
__Ltext67                                           text67       000000
__Ltext68                                           text68       000000
__Ltext69                                           text69       000000
__Ltext7                                            text7        000000
__Ltext70                                           text70       000000
__Ltext71                                           text71       000000
__Ltext72                                           text72       000000
__Ltext73                                           text73       000000
__Ltext74                                           text74       000000
__Ltext75                                           text75       000000
__Ltext76                                           text76       000000
__Ltext77                                           text77       000000
__Ltext78                                           text78       000000
__Ltext79                                           text79       000000
__Ltext8                                            text8        000000
__Ltext80                                           text80       000000
__Ltext81                                           text81       000000
__Ltext82                                           text82       000000
__Ltext83                                           text83       000000
__Ltext84                                           text84       000000
__Ltext85                                           text85       000000
__Ltext86                                           text86       000000
__Ltext87                                           text87       000000
__Ltext88                                           text88       000000
__Ltext89                                           text89       000000
__Ltext9                                            text9        000000
__Ltext90                                           text90       000000
__Ltext91                                           text91       000000
__S0                                                (abs)        0026C2
__S1                                                (abs)        0000C4
__S4                                                (abs)        000000
__S5                                                (abs)        000000
___heap_hi                                          (abs)        000000
___heap_lo                                          (abs)        000000
___inthi_sp                                         stack        000000
___inthi_stack_hi                                   stack        000000
___inthi_stack_lo                                   stack        000000
___intlo_sp                                         stack        000000
___intlo_stack_hi                                   stack        000000
___intlo_stack_lo                                   stack        000000
___lwdiv                                            text15       001C90
___lwdiv@counter                                    cstackCOMRAM 000022
___lwdiv@dividend                                   cstackCOMRAM 00001C
___lwdiv@divisor                                    cstackCOMRAM 00001E
___lwdiv@quotient                                   cstackCOMRAM 000020
___lwmod                                            text14       001F7E
___lwmod@counter                                    cstackCOMRAM 000027
___lwmod@dividend                                   cstackCOMRAM 000023
___lwmod@divisor                                    cstackCOMRAM 000025
___param_bank                                       (abs)        000000
___rparam_used                                      (abs)        000001
___sp                                               stack        000000
___stack_hi                                         stack        000000
___stack_lo                                         stack        000000
__accesstop                                         (abs)        000060
__activetblptr                                      (abs)        000003
__end_of_CLOCK_Initialize                           text30       00261E
__end_of_EUSART_FramingErrorCallbackRegister        text29       0024F8
__end_of_EUSART_Initialize                          text27       0022CA
__end_of_EUSART_OverrunErrorCallbackRegister        text28       0024DC
__end_of_EUSART_Write                               text35       002570
__end_of_I2C_CallbackReturnReset                    text80       0026B4
__end_of_I2C_CallbackReturnStop                     text81       0026B8
__end_of_I2C_Close                                  text49       002356
__end_of_I2C_DO_ADDRESS_NACK                        text57       001F18
__end_of_I2C_DO_IDLE                                text71       0025EC
__end_of_I2C_DO_RCEN                                text66       0025E0
__end_of_I2C_DO_RESET                               text58       0025D4
__end_of_I2C_DO_RX                                  text67       001982
__end_of_I2C_DO_RX_ACK                              text61       002648
__end_of_I2C_DO_RX_NACK_RESTART                     text59       002638
__end_of_I2C_DO_RX_NACK_STOP                        text60       002640
__end_of_I2C_DO_SEND_ADR_READ                       text70       0025BA
__end_of_I2C_DO_SEND_ADR_WRITE                      text69       0025C8
__end_of_I2C_DO_SEND_RESTART                        text63       002658
__end_of_I2C_DO_SEND_RESTART_READ                   text65       002668
__end_of_I2C_DO_SEND_RESTART_WRITE                  text64       002660
__end_of_I2C_DO_SEND_STOP                           text62       002650
__end_of_I2C_DO_TX                                  text68       0018DC
__end_of_I2C_DO_TX_EMPTY                            text72       001BA4
__end_of_I2C_Initialize                             text26       002584
__end_of_I2C_MasterClearIrq                         text52       0026A0
__end_of_I2C_MasterClose                            text51       00269C
__end_of_I2C_MasterDisableIrq                       text50       002698
__end_of_I2C_MasterEnableIrq                        text45       002690
__end_of_I2C_MasterEnableRestart                    text91       0026C0
__end_of_I2C_MasterFsm                              text55       001DE2
__end_of_I2C_MasterGetRxData                        text77       0026AC
__end_of_I2C_MasterIsNack                           text74       002598
__end_of_I2C_MasterIsr                              text54       00267C
__end_of_I2C_MasterOpen                             text44       0024C0
__end_of_I2C_MasterOperation                        text47       00221E
__end_of_I2C_MasterSendAck                          text76       002682
__end_of_I2C_MasterSendNack                         text78       002688
__end_of_I2C_MasterSendTxData                       text75       002670
__end_of_I2C_MasterSetIrq                           text73       0026A8
__end_of_I2C_MasterStart                            text48       002694
__end_of_I2C_MasterStartRx                          text79       0026B0
__end_of_I2C_MasterStop                             text90       0026BC
__end_of_I2C_MasterWrite                            text46       002630
__end_of_I2C_Open                                   text42       001A20
__end_of_I2C_Read1ByteRegister                      text32       001D74
__end_of_I2C_SetAddressNackCallback                 text40       002542
__end_of_I2C_SetBuffer                              text39       00247A
__end_of_I2C_SetCallback                            text41       001EB2
__end_of_I2C_SetDataCompleteCallback                text38       00252A
__end_of_I2C_SetInterruptHandler                    text43       002628
__end_of_I2C_Write1ByteRegister                     text37       001E4C
__end_of_INT0_SetInterruptHandler                   text25       002614
__end_of_INT1_SetInterruptHandler                   text24       00260A
__end_of_INT2_SetInterruptHandler                   text23       002600
__end_of_INTERRUPT_Initialize                       text22       002294
__end_of_INTERRUPT_InterruptManagerHigh             intcode      0000B6
__end_of_Keypad_Get_Value                           text36       00143E
__end_of_NVM_Initialize                             text20       002676
__end_of_NVM_StatusClear                            text21       00268C
__end_of_PIN_MANAGER_Initialize                     text19       00232A
__end_of_Print_RealTimeClockDS1307                  text33       001818
__end_of_RealTimeClockDs1307_Get_Date_Time          text31       00209C
__end_of_SYSTEM_Initialize                          text18       002512
__end_of_TemSensor_TC74_Read_Temp                   text17       0025AA
__end_of_UART_Send_String                           text34       002150
__end_of___lwdiv                                    text15       001D04
__end_of___lwmod                                    text14       001FE2
__end_of__initialization                            cinit        0020EC
__end_of_btn_values                                 smallconst   001031
__end_of_convert_uint8_to_string                    text12       00219C
__end_of_dpowers                                    smallconst   00103B
__end_of_gpio_pin_direction_intialize               text10       00132C
__end_of_gpio_pin_intialize                         text8        002040
__end_of_gpio_pin_write_logic                       text9        00154E
__end_of_i2c_fsmStateTable                          smallconst   001021
__end_of_keyPad_Init                                text11       0025F6
__end_of_lcd_8bit_intialize                         text5        001730
__end_of_lcd_8bit_send_char_data                    text4        001C1A
__end_of_lcd_8bit_send_command                      text6        001C90
__end_of_lcd_8bit_send_enable_signal                text7        002456
__end_of_lcd_8bit_send_string                       text3        001B28
__end_of_lcd_8bit_send_string_pos                   text1        00225C
__end_of_lcd_8bit_set_cursor                        text2        001AA4
__end_of_main                                       text0        001642
__end_of_memset                                     text16       0022FA
__end_of_rd1RegCompleteHandler                      text85       0023DA
__end_of_rd2RegCompleteHandler                      text84       0023AE
__end_of_rdBlkRegCompleteHandler                    text82       0021DE
__end_of_sprintf                                    text13       00121A
__end_of_wr1RegCompleteHandler                      text83       002382
__end_of_wr2RegCompleteHandler                      text86       002406
__end_ofi2_I2C_MasterClearIrq                       text56       0026A4
__end_ofi2_I2C_SetBuffer                            text89       00249E
__end_ofi2_I2C_SetCallback                          text88       001F7E
__end_ofi2_I2C_SetDataCompleteCallback              text87       00255A
__initialization                                    cinit        00209C
__mediumconst                                       mediumconst  000000
__pbssBANK0                                         bssBANK0     000060
__pbssCOMRAM                                        bssCOMRAM    000038
__pcinit                                            cinit        00209C
__pcstackCOMRAM                                     cstackCOMRAM 000001
__pdataBANK0                                        dataBANK0    00009C
__pdataCOMRAM                                       dataCOMRAM   000058
__pidataBANK0                                       idataBANK0   002406
__pidataCOMRAM                                      idataCOMRAM  0026C0
__pintcode                                          intcode      000008
__psmallconst                                       smallconst   001000
__ptext0                                            text0        00154E
__ptext1                                            text1        00221E
__ptext10                                           text10       00121A
__ptext11                                           text11       0025EC
__ptext12                                           text12       002150
__ptext13                                           text13       001084
__ptext14                                           text14       001F7E
__ptext15                                           text15       001C90
__ptext16                                           text16       0022CA
__ptext17                                           text17       002598
__ptext18                                           text18       0024F8
__ptext19                                           text19       0022FA
__ptext2                                            text2        001A20
__ptext20                                           text20       002670
__ptext21                                           text21       002688
__ptext22                                           text22       00225C
__ptext23                                           text23       0025F6
__ptext24                                           text24       002600
__ptext25                                           text25       00260A
__ptext26                                           text26       002570
__ptext27                                           text27       002294
__ptext28                                           text28       0024C0
__ptext29                                           text29       0024DC
__ptext3                                            text3        001AA4
__ptext30                                           text30       002614
__ptext31                                           text31       002040
__ptext32                                           text32       001D04
__ptext33                                           text33       001730
__ptext34                                           text34       0020F6
__ptext35                                           text35       00255A
__ptext36                                           text36       00132C
__ptext37                                           text37       001DE2
__ptext38                                           text38       002512
__ptext39                                           text39       002456
__ptext4                                            text4        001BA4
__ptext40                                           text40       00252A
__ptext41                                           text41       001E4C
__ptext42                                           text42       001982
__ptext43                                           text43       00261E
__ptext44                                           text44       00249E
__ptext45                                           text45       00268C
__ptext46                                           text46       002628
__ptext47                                           text47       0021DE
__ptext48                                           text48       002690
__ptext49                                           text49       00232A
__ptext5                                            text5        001642
__ptext50                                           text50       002694
__ptext51                                           text51       002698
__ptext52                                           text52       00269C
__ptext54                                           text54       002676
__ptext55                                           text55       001D74
__ptext56                                           text56       0026A0
__ptext57                                           text57       001EB2
__ptext58                                           text58       0025C8
__ptext59                                           text59       002630
__ptext6                                            text6        001C1A
__ptext60                                           text60       002638
__ptext61                                           text61       002640
__ptext62                                           text62       002648
__ptext63                                           text63       002650
__ptext64                                           text64       002658
__ptext65                                           text65       002660
__ptext66                                           text66       0025D4
__ptext67                                           text67       0018DC
__ptext68                                           text68       001818
__ptext69                                           text69       0025BA
__ptext7                                            text7        00242E
__ptext70                                           text70       0025AA
__ptext71                                           text71       0025E0
__ptext72                                           text72       001B28
__ptext73                                           text73       0026A4
__ptext74                                           text74       002584
__ptext75                                           text75       002668
__ptext76                                           text76       00267C
__ptext77                                           text77       0026A8
__ptext78                                           text78       002682
__ptext79                                           text79       0026AC
__ptext8                                            text8        001FE2
__ptext80                                           text80       0026B0
__ptext81                                           text81       0026B4
__ptext82                                           text82       00219C
__ptext83                                           text83       002356
__ptext84                                           text84       002382
__ptext85                                           text85       0023AE
__ptext86                                           text86       0023DA
__ptext87                                           text87       002542
__ptext88                                           text88       001F18
__ptext89                                           text89       00247A
__ptext9                                            text9        00143E
__ptext90                                           text90       0026B8
__ptext91                                           text91       0026BC
__ramtop                                            ramtop       001000
__smallconst                                        smallconst   001000
_btn_values                                         smallconst   001021
_convert_uint8_to_string                            text12       002150
_dpowers                                            smallconst   001031
_dummy                                              bssCOMRAM    000055
_eusartRxLastError                                  bssCOMRAM    000048
_gpio_pin_direction_intialize                       text10       00121A
_gpio_pin_intialize                                 text8        001FE2
_gpio_pin_write_logic                               text9        00143E
_i2c_fsmStateTable                                  smallconst   001001
_keyPad_Init                                        text11       0025EC
_lat_registers                                      dataBANK0    0000A6
_lcd_8bit_intialize                                 text5        001642
_lcd_8bit_send_char_data                            text4        001BA4
_lcd_8bit_send_command                              text6        001C1A
_lcd_8bit_send_enable_signal                        text7        00242E
_lcd_8bit_send_string                               text3        001AA4
_lcd_8bit_send_string_pos                           text1        00221E
_lcd_8bit_set_cursor                                text2        001A20
_main                                               text0        00154E
_memset                                             text16       0022CA
_port_registers                                     dataBANK0    00009C
_rd1RegCompleteHandler                              text85       0023AE
_rd2RegCompleteHandler                              text84       002382
_rdBlkRegCompleteHandler                            text82       00219C
_ret                                                dataCOMRAM   000058
_sprintf                                            text13       001084
_tris_registers                                     dataBANK0    0000B0
_wr1RegCompleteHandler                              text83       002356
_wr2RegCompleteHandler                              text86       0023DA
btemp                                               temp         00005A
convert_uint8_to_string@ret                         cstackCOMRAM 000037
convert_uint8_to_string@str                         cstackCOMRAM 000035
convert_uint8_to_string@value                       cstackCOMRAM 000036
end_of_initialization                               cinit        0020EC
gpio_pin_direction_intialize@_pin_config            cstackCOMRAM 00001C
gpio_pin_direction_intialize@ret                    cstackCOMRAM 000022
gpio_pin_intialize@_pin_config                      cstackCOMRAM 000024
gpio_pin_intialize@ret                              cstackCOMRAM 000026
gpio_pin_write_logic@_pin_config                    cstackCOMRAM 00001C
gpio_pin_write_logic@logic                          cstackCOMRAM 00001D
gpio_pin_write_logic@ret                            cstackCOMRAM 000023
i2I2C_SetBuffer@buffer                              cstackCOMRAM 000001
i2I2C_SetBuffer@bufferSize                          cstackCOMRAM 000003
i2I2C_SetCallback@cb                                cstackCOMRAM 000001
i2I2C_SetCallback@idx                               cstackCOMRAM 000005
i2I2C_SetCallback@ptr                               cstackCOMRAM 000003
i2I2C_SetDataCompleteCallback@cb                    cstackCOMRAM 000006
i2I2C_SetDataCompleteCallback@ptr                   cstackCOMRAM 000008
i2_I2C_MasterClearIrq                               text56       0026A0
i2_I2C_SetBuffer                                    text89       00247A
i2_I2C_SetCallback                                  text88       001F18
i2_I2C_SetDataCompleteCallback                      text87       002542
int$flags                                           temp         00005A
intlevel0                                           text         000000
intlevel1                                           text         000000
intlevel2                                           text         000000
intlevel3                                           text         000000
isa$std                                             (abs)        000001
isa$xinst                                           (abs)        000000
lcd_8bit_intialize@l_data_pins_counter              cstackCOMRAM 00002E
lcd_8bit_intialize@lcd                              cstackCOMRAM 00002C
lcd_8bit_intialize@ret                              cstackCOMRAM 00002F
lcd_8bit_send_char_data@data                        cstackCOMRAM 000027
lcd_8bit_send_char_data@l_pin_counter               cstackCOMRAM 00002B
lcd_8bit_send_char_data@lcd                         cstackCOMRAM 000026
lcd_8bit_send_char_data@ret                         cstackCOMRAM 00002A
lcd_8bit_send_command@command                       cstackCOMRAM 000027
lcd_8bit_send_command@l_pin_counter                 cstackCOMRAM 00002B
lcd_8bit_send_command@lcd                           cstackCOMRAM 000026
lcd_8bit_send_command@ret                           cstackCOMRAM 00002A
lcd_8bit_send_enable_signal@lcd                     cstackCOMRAM 000024
lcd_8bit_send_enable_signal@ret                     cstackCOMRAM 000025
lcd_8bit_send_string@lcd                            cstackCOMRAM 00002C
lcd_8bit_send_string@ret                            cstackCOMRAM 00002F
lcd_8bit_send_string@str                            cstackCOMRAM 00002D
lcd_8bit_send_string_pos@column                     cstackCOMRAM 000032
lcd_8bit_send_string_pos@lcd                        cstackCOMRAM 000030
lcd_8bit_send_string_pos@ret                        cstackCOMRAM 000035
lcd_8bit_send_string_pos@row                        cstackCOMRAM 000031
lcd_8bit_send_string_pos@str                        cstackCOMRAM 000033
lcd_8bit_set_cursor@coulmn                          cstackCOMRAM 00002E
lcd_8bit_set_cursor@lcd                             cstackCOMRAM 00002C
lcd_8bit_set_cursor@ret                             cstackCOMRAM 00002F
lcd_8bit_set_cursor@row                             cstackCOMRAM 00002D
memset@c                                            cstackCOMRAM 00001D
memset@n                                            cstackCOMRAM 00001F
memset@p                                            cstackCOMRAM 000021
memset@p1                                           cstackCOMRAM 00001C
rd1RegCompleteHandler@ptr                           cstackCOMRAM 00000A
rd2RegCompleteHandler@ptr                           cstackCOMRAM 00000A
rdBlkRegCompleteHandler@ptr                         cstackCOMRAM 00000A
sprintf@ap                                          cstackCOMRAM 00002F
sprintf@c                                           cstackCOMRAM 000034
sprintf@f                                           cstackCOMRAM 000029
sprintf@flag                                        cstackCOMRAM 000030
sprintf@prec                                        cstackCOMRAM 000031
sprintf@sp                                          cstackCOMRAM 000028
sprintf@val                                         cstackCOMRAM 000032
stackhi                                             (abs)        000000
stacklo                                             (abs)        000000
start                                               init         0000B6
start_initialization                                cinit        00209C
ttemp5                                              temp         00005B
ttemp6                                              temp         00005E
ttemp7                                              temp         000062
wr1RegCompleteHandler@ptr                           cstackCOMRAM 00000A
wr2RegCompleteHandler@ptr                           cstackCOMRAM 00000A
wtemp8                                              temp         00005B


MODULE INFORMATION

Module		Function		Class		Link	Load	Size
AECUL_Modules/Keypad/KeyPad.c
		_Keypad_Get_Value		CODE           	132C	0000	274
		_keyPad_Init   		CODE           	25EC	0000	10

AECUL_Modules/Keypad/KeyPad.c estimated size: 284

C:\Program Files\Microchip\xc8\v2.46\pic\sources\c90\common\lwdiv.c
		___lwdiv       		CODE           	1C90	0000	116

C:\Program Files\Microchip\xc8\v2.46\pic\sources\c90\common\lwdiv.c estimated size: 116

AECUL_Modules/USART_LoggingDebuggingData/UART_LoggingDebugData.c
		_UART_Send_String		CODE           	20F6	0000	90

AECUL_Modules/USART_LoggingDebuggingData/UART_LoggingDebugData.c estimated size: 90

AECUL_Modules/LCD/ecu_chr_lcd.c
		_lcd_8bit_intialize		CODE           	1642	0000	238
		_lcd_8bit_set_cursor		CODE           	1A20	0000	132
		_lcd_8bit_send_enable_signal		CODE           	242E	0000	40
		_lcd_8bit_send_string		CODE           	1AA4	0000	132
		_lcd_8bit_send_command		CODE           	1C1A	0000	118
		_lcd_8bit_send_string_pos		CODE           	221E	0000	62
		_convert_uint8_to_string		CODE           	2150	0000	76
		_lcd_8bit_send_char_data		CODE           	1BA4	0000	118

AECUL_Modules/LCD/ecu_chr_lcd.c estimated size: 916

AECUL_Modules/TemSensor_TC74/TemSensor_TC74.c
		_TemSensor_TC74_Read_Temp		CODE           	2598	0000	18

AECUL_Modules/TemSensor_TC74/TemSensor_TC74.c estimated size: 18

mcc_generated_files/system/src/interrupt.c
		_INT0_SetInterruptHandler		CODE           	260A	0000	10
		_INT1_SetInterruptHandler		CODE           	2600	0000	10
		_INT2_SetInterruptHandler		CODE           	25F6	0000	10
		_INTERRUPT_Initialize		CODE           	225C	0000	56
		_INTERRUPT_InterruptManagerHigh		CODE           	0008	0000	174

mcc_generated_files/system/src/interrupt.c estimated size: 260

Application.c
		_main          		CODE           	154E	0000	244

Application.c estimated size: 244

MCAL/GPIO/hal_gpio.c
		_gpio_pin_write_logic		CODE           	143E	0000	272
		_gpio_pin_intialize		CODE           	1FE2	0000	94
		_gpio_pin_direction_intialize		CODE           	121A	0000	274

MCAL/GPIO/hal_gpio.c estimated size: 640

mcc_generated_files/nvm/src/nvm.c
		_NVM_Initialize		CODE           	2670	0000	6
		_NVM_StatusClear		CODE           	2688	0000	4

mcc_generated_files/nvm/src/nvm.c estimated size: 10

mcc_generated_files/system/src/pins.c
		_PIN_MANAGER_Initialize		CODE           	22FA	0000	48

mcc_generated_files/system/src/pins.c estimated size: 48

shared
		i2_I2C_SetBuffer		CODE           	247A	0000	36
		_dpowers       		SMALLCONST     	1031	0000	10
		_btn_values    		SMALLCONST     	1021	0000	16
		__initialization		CODE           	209C	0000	80
		i2_I2C_SetCallback		CODE           	1F18	0000	102
		i2_I2C_SetDataCompleteCallback		CODE           	2542	0000	24
		i2_I2C_MasterClearIrq		CODE           	26A0	0000	4
		_i2c_fsmStateTable		SMALLCONST     	1001	0000	32

shared estimated size: 304

C:\Program Files\Microchip\xc8\v2.46\pic\sources\c90\common\lwmod.c
		___lwmod       		CODE           	1F7E	0000	100

C:\Program Files\Microchip\xc8\v2.46\pic\sources\c90\common\lwmod.c estimated size: 100

mcc_generated_files/uart/src/eusart.c
		_EUSART_FramingErrorCallbackRegister		CODE           	24DC	0000	28
		_EUSART_OverrunErrorCallbackRegister		CODE           	24C0	0000	28
		_EUSART_Write  		CODE           	255A	0000	22
		_EUSART_Initialize		CODE           	2294	0000	54

mcc_generated_files/uart/src/eusart.c estimated size: 132

C:\Program Files\Microchip\xc8\v2.46\pic\sources\c90\common\memset.c
		_memset        		CODE           	22CA	0000	48

C:\Program Files\Microchip\xc8\v2.46\pic\sources\c90\common\memset.c estimated size: 48

mcc_generated_files/system/src/clock.c
		_CLOCK_Initialize		CODE           	2614	0000	10

mcc_generated_files/system/src/clock.c estimated size: 10

mcc_generated_files/i2c_host/src/mssp.c
		_I2C_Close     		CODE           	232A	0000	44
		_I2C_MasterStartRx		CODE           	26AC	0000	4
		_I2C_DO_SEND_ADR_WRITE		CODE           	25BA	0000	14
		_I2C_DO_SEND_STOP		CODE           	2648	0000	8
		_I2C_MasterSendNack		CODE           	2682	0000	6
		_I2C_MasterDisableIrq		CODE           	2694	0000	4
		_I2C_CallbackReturnStop		CODE           	26B4	0000	4
		_I2C_MasterOperation		CODE           	21DE	0000	64
		_I2C_DO_SEND_ADR_READ		CODE           	25AA	0000	16
		_I2C_DO_RX_NACK_STOP		CODE           	2638	0000	8
		_I2C_DO_SEND_RESTART		CODE           	2650	0000	8
		_I2C_DO_RX     		CODE           	18DC	0000	166
		_I2C_DO_TX     		CODE           	1818	0000	196
		_I2C_DO_IDLE   		CODE           	25E0	0000	12
		_I2C_DO_RCEN   		CODE           	25D4	0000	12
		_I2C_DO_RESET  		CODE           	25C8	0000	12
		_I2C_MasterClose		CODE           	2698	0000	4
		_I2C_MasterWrite		CODE           	2628	0000	8
		_I2C_DO_RX_ACK 		CODE           	2640	0000	8
		_I2C_MasterStart		CODE           	2690	0000	4
		_I2C_MasterClearIrq		CODE           	269C	0000	4
		_I2C_MasterGetRxData		CODE           	26A8	0000	4
		_I2C_SetCallback		CODE           	1E4C	0000	102
		_I2C_DO_ADDRESS_NACK		CODE           	1EB2	0000	102
		_I2C_MasterEnableRestart		CODE           	26BC	0000	4
		_I2C_CallbackReturnReset		CODE           	26B0	0000	4
		_I2C_Open      		CODE           	1982	0000	158
		_I2C_SetAddressNackCallback		CODE           	252A	0000	24
		_I2C_DO_TX_EMPTY		CODE           	1B28	0000	124
		_I2C_DO_SEND_RESTART_WRITE		CODE           	2658	0000	8
		_I2C_MasterIsNack		CODE           	2584	0000	20
		_I2C_SetDataCompleteCallback		CODE           	2512	0000	24
		_I2C_DO_RX_NACK_RESTART		CODE           	2630	0000	8
		_I2C_MasterSendAck		CODE           	267C	0000	6
		_I2C_MasterFsm 		CODE           	1D74	0000	110
		_I2C_MasterIsr 		CODE           	2676	0000	6
		_I2C_MasterSetIrq		CODE           	26A4	0000	4
		_I2C_DO_SEND_RESTART_READ		CODE           	2660	0000	8
		_I2C_MasterEnableIrq		CODE           	268C	0000	4
		_I2C_Initialize		CODE           	2570	0000	20
		_I2C_SetBuffer 		CODE           	2456	0000	36
		_I2C_SetInterruptHandler		CODE           	261E	0000	10
		_I2C_MasterOpen		CODE           	249E	0000	34
		_I2C_MasterSendTxData		CODE           	2668	0000	8
		_I2C_MasterStop		CODE           	26B8	0000	4

mcc_generated_files/i2c_host/src/mssp.c estimated size: 1438

mcc_generated_files/i2c_host/src/i2c_master_example.c
		_wr1RegCompleteHandler		CODE           	2356	0000	44
		_wr2RegCompleteHandler		CODE           	23DA	0000	44
		_I2C_Write1ByteRegister		CODE           	1DE2	0000	106
		_I2C_Read1ByteRegister		CODE           	1D04	0000	112
		_rdBlkRegCompleteHandler		CODE           	219C	0000	66
		_rd1RegCompleteHandler		CODE           	23AE	0000	44
		_rd2RegCompleteHandler		CODE           	2382	0000	44

mcc_generated_files/i2c_host/src/i2c_master_example.c estimated size: 460

AECUL_Modules/RealTimeClockDs1307/RealTimeClockDs1307.c
		_RealTimeClockDs1307_Get_Date_Time		CODE           	2040	0000	92
		_Print_RealTimeClockDS1307		CODE           	1730	0000	232

AECUL_Modules/RealTimeClockDs1307/RealTimeClockDs1307.c estimated size: 324

C:\Program Files\Microchip\xc8\v2.46\pic\sources\c90\common\doprnt.c
		_sprintf       		CODE           	1084	0000	406

C:\Program Files\Microchip\xc8\v2.46\pic\sources\c90\common\doprnt.c estimated size: 406

mcc_generated_files/system/src/system.c
		_SYSTEM_Initialize		CODE           	24F8	0000	26

mcc_generated_files/system/src/system.c estimated size: 26

